this one has stuff in it
this one does too
my-cat: cannot open file
